(-47, 100, 32, 14, 72) <-> (-37, 77, 52, 33, 76)
(-24, 38, 42, 14, 29) <-> (-22, 59, 75, 32, 40)
(-23, 48, 58, 23, 34) <-> (-9, 13, 72, 47, 53)
(-59, 10, 72, 32, 27) <-> (-16, 30, 65, 35, 43)
(-66, 40, 71, 64, 69) <-> (-37, 20, 68, 33, 35)
(-77, 100, 61, 98, 53) <-> (-66, 81, 99, 81, 19)
(-85, 28, 45, 2, 31) <-> (-51, 30, 69, 48, 52)
(-95, 48, 14, 52, 57) <-> (-68, 29, 57, 25, 41)
(-81, 38, 35, 38, 49) <-> (-42, 88, 42, 23, 74)
(-71, 90, 80, 89, 36) <-> (-61, 63, 38, 30, 61)
