(6, 70, 79) <-> (12, 64, 71)
(1, 72, 65) <-> (9, 67, 75)
(15, 25, 43) <-> (24, 14, 41)
(5, 69, 70) <-> (8, 89, 51)
(7, 54, 34) <-> (13, 78, 20)
(10, 66, 27) <-> (38, 67, 33)
(6, 79, 60) <-> (24, 66, 30)
(19, 19, 42) <-> (55, 27, 59)
(29, 35, 99) <-> (37, 23, 50)
(15, 72, 45) <-> (39, 90, 2)
(27, 81, 23) <-> (33, 29, 74)
