(-8, -81) <-> (-6, -80)
(-17, -84) <-> (-7, -80)
(-12, -82) <-> (-2, -90)
(-89, -55) <-> (-75, -67)
(-20, -15) <-> (-5, -30)
(-55, -75) <-> (-41, -59)
(-12, -22) <-> (-8, -53)
(-82, -61) <-> (-48, -67)
(-10, -37) <-> (-7, -86)
(-65, -64) <-> (-55, -14)
(-60, -39) <-> (-8, -61)
