(63, 44, 16, 49)
(15, 99, 45, 48)
(62, 81, 64, 4)
(99, 36, 2, 25)
(63, 44, 16, 49) <-> (99, 36, 2, 25)
