(63, 83, 29, 7, 18)
(20, 32, 57, 91, 94)
(57, 94, 46, 62, 84)
(13, 17, 47, 63, 23)
(19, 25, 26, 71, 51)
(42, 25, 27, 34, 96)
(29, 52, 15, 5, 69)
(74, 40, 9, 19, 89)
(31, 60, 56, 54, 35)
(29, 75, 40, 60, 78)
(32, 86, 43, 50, 69)
(89, 96, 18, 82, 41)
(24, 13, 30, 6, 39)
(36, 52, 74, 16, 52)
(59, 47, 50, 38, 35)
(94, 2, 92, 14, 90)
(73, 83, 73, 90, 39)
(58, 25, 80, 62, 32)
(61, 84, 17, 26, 44)
(34, 73, 44, 7, 79)
(88, 70, 56, 12, 23)
(7, 91, 91, 27, 33)
(18, 34, 91, 24, 40)
(62, 99, 76, 34, 49)
(91, 19, 77, 94, 57)
(17, 39, 37, 60, 88)
(48, 83, 80, 34, 16)
(83, 43, 73, 28, 87)
(23, 77, 93, 82, 81)
(93, 19, 20, 14, 51)
(72, 77, 60, 79, 3)
(27, 9, 67, 20, 40)
(16, 16, 14, 10, 31)
(24, 41, 80, 100, 36)
(27, 80, 66, 72, 1)
(53, 12, 20, 61, 21)
(12, 96, 42, 8, 28)
(4, 26, 36, 28, 98)
(90, 92, 68, 49, 68)
(3, 44, 4, 78, 6)
(60, 28, 76, 38, 94)
(41, 3, 47, 87, 94)
(27, 31, 87, 87, 14)
(91, 23, 47, 93, 62)
(54, 41, 65, 14, 74)
(83, 39, 2, 67, 53)
(77, 53, 86, 18, 97)
(97, 22, 90, 88, 29)
(27, 41, 78, 13, 74)
(27, 44, 99, 63, 12)
(27, 87, 89, 6, 16)
(22, 99, 31, 67, 92)
(86, 31, 70, 43, 90)
(18, 64, 68, 35, 51)
(56, 35, 64, 32, 49)
(69, 21, 60, 19, 33)
(38, 40, 22, 1, 95)
(99, 75, 60, 25, 37)
(40, 76, 94, 97, 94)
(30, 4, 22, 44, 77)
(29, 75, 40, 60, 78) <-> (32, 86, 43, 50, 69)
