(1, 2)
(10, 11)
(-1, -2)
(-2, -1)
(15, 20)
(-2, -1) <-> (-1, -2)
